c:\users\user\desktop\gitrepo\aronengine\x64\debug\engine.pdb
c:\users\user\desktop\gitrepo\aronengine\x64\debug\engine.idb
c:\users\user\desktop\gitrepo\aronengine\engine\x64\debug\audiomanager.obj
c:\users\user\desktop\gitrepo\aronengine\engine\x64\debug\resourcemanager.obj
c:\users\user\desktop\gitrepo\aronengine\engine\x64\debug\scenemanager.obj
c:\users\user\desktop\gitrepo\aronengine\engine\x64\debug\uibutton.obj
c:\users\user\desktop\gitrepo\aronengine\engine\x64\debug\uielement.obj
c:\users\user\desktop\gitrepo\aronengine\engine\x64\debug\canvas.obj
c:\users\user\desktop\gitrepo\aronengine\engine\x64\debug\rigidbody.obj
c:\users\user\desktop\gitrepo\aronengine\engine\x64\debug\collider.obj
c:\users\user\desktop\gitrepo\aronengine\engine\x64\debug\audiosource.obj
c:\users\user\desktop\gitrepo\aronengine\engine\x64\debug\animator.obj
c:\users\user\desktop\gitrepo\aronengine\engine\x64\debug\spriterenderer.obj
c:\users\user\desktop\gitrepo\aronengine\engine\x64\debug\transform.obj
c:\users\user\desktop\gitrepo\aronengine\engine\x64\debug\component.obj
c:\users\user\desktop\gitrepo\aronengine\engine\x64\debug\scene.obj
c:\users\user\desktop\gitrepo\aronengine\engine\x64\debug\gameobject.obj
c:\users\user\desktop\gitrepo\aronengine\engine\x64\debug\object.obj
c:\users\user\desktop\gitrepo\aronengine\engine\x64\debug\renderer.obj
c:\users\user\desktop\gitrepo\aronengine\engine\x64\debug\input.obj
c:\users\user\desktop\gitrepo\aronengine\engine\x64\debug\enginetime.obj
c:\users\user\desktop\gitrepo\aronengine\engine\x64\debug\engineapp.obj
c:\users\user\desktop\gitrepo\aronengine\engine\x64\debug\animationclip.obj
c:\users\user\desktop\gitrepo\aronengine\engine\x64\debug\texture2d.obj
c:\users\user\desktop\gitrepo\aronengine\engine\x64\debug\imgui_impl_dx11.obj
c:\users\user\desktop\gitrepo\aronengine\engine\x64\debug\imgui_impl_win32.obj
c:\users\user\desktop\gitrepo\aronengine\engine\x64\debug\imgui_widgets.obj
c:\users\user\desktop\gitrepo\aronengine\engine\x64\debug\imgui_tables.obj
c:\users\user\desktop\gitrepo\aronengine\engine\x64\debug\imgui_draw.obj
c:\users\user\desktop\gitrepo\aronengine\engine\x64\debug\imgui_demo.obj
c:\users\user\desktop\gitrepo\aronengine\engine\x64\debug\imgui.obj
c:\users\user\desktop\gitrepo\aronengine\engine\x64\debug\koreanstrings.obj
c:\users\user\desktop\gitrepo\aronengine\engine\x64\debug\lightunityeditor.obj
c:\users\user\desktop\gitrepo\aronengine\engine\x64\debug\realunityeditor.obj
c:\users\user\desktop\gitrepo\aronengine\engine\x64\debug\unitystyleeditor.obj
c:\users\user\desktop\gitrepo\aronengine\engine\x64\debug\simpleeditorsystem.obj
c:\users\user\desktop\gitrepo\aronengine\engine\x64\debug\imguieditorsystem.obj
c:\users\user\desktop\gitrepo\aronengine\engine\x64\debug\editorsystem.obj
c:\users\user\desktop\gitrepo\aronengine\engine\x64\debug\scriptsystem.obj
c:\users\user\desktop\gitrepo\aronengine\engine\x64\debug\transformsystem.obj
c:\users\user\desktop\gitrepo\aronengine\engine\x64\debug\rendersystem.obj
c:\users\user\desktop\gitrepo\aronengine\engine\x64\debug\simpleaudiomanager.obj
c:\users\user\desktop\gitrepo\aronengine\engine\x64\debug\gameengine_fixed.obj
c:\users\user\desktop\gitrepo\aronengine\engine\x64\debug\spriteloader.obj
c:\users\user\desktop\gitrepo\aronengine\engine\x64\debug\visualeffectsystem.obj
c:\users\user\desktop\gitrepo\aronengine\engine\x64\debug\effectsystem.obj
c:\users\user\desktop\gitrepo\aronengine\engine\x64\debug\soundbank.obj
c:\users\user\desktop\gitrepo\aronengine\engine\x64\debug\effectcomponent.obj
c:\users\user\desktop\gitrepo\aronengine\engine\x64\debug\soundcomponent.obj
c:\users\user\desktop\gitrepo\aronengine\engine\x64\debug\aabb.obj
c:\users\user\desktop\gitrepo\aronengine\engine\x64\debug\color.obj
c:\users\user\desktop\gitrepo\aronengine\engine\x64\debug\vector2.obj
c:\users\user\desktop\gitrepo\aronengine\engine\x64\debug\texturemanager.obj
c:\users\user\desktop\gitrepo\aronengine\engine\x64\debug\fmod_dummy.obj
c:\users\user\desktop\gitrepo\aronengine\engine\x64\debug\audioclip.obj
c:\users\user\desktop\gitrepo\aronengine\engine\x64\debug\meshrenderer.obj
c:\users\user\desktop\gitrepo\aronengine\engine\x64\debug\camera3d.obj
c:\users\user\desktop\gitrepo\aronengine\engine\x64\debug\test01_triangle.obj
c:\users\user\desktop\gitrepo\aronengine\engine\x64\debug\basicmesh.obj
c:\users\user\desktop\gitrepo\aronengine\x64\debug\engine.lib
c:\users\user\desktop\gitrepo\aronengine\engine\x64\debug\engine.idb
c:\users\user\desktop\gitrepo\aronengine\engine\x64\debug\engine.pdb
c:\users\user\desktop\gitrepo\aronengine\engine\x64\debug\engine.tlog\cl.command.1.tlog
c:\users\user\desktop\gitrepo\aronengine\engine\x64\debug\engine.tlog\cl.items.tlog
c:\users\user\desktop\gitrepo\aronengine\engine\x64\debug\engine.tlog\cl.read.1.tlog
c:\users\user\desktop\gitrepo\aronengine\engine\x64\debug\engine.tlog\cl.write.1.tlog
c:\users\user\desktop\gitrepo\aronengine\engine\x64\debug\engine.tlog\lib-link.write.1.tlog
c:\users\user\desktop\gitrepo\aronengine\engine\x64\debug\engine.tlog\lib.command.1.tlog
c:\users\user\desktop\gitrepo\aronengine\engine\x64\debug\engine.tlog\lib.read.1.tlog
