  EngineApp.cpp
C:\Users\User\Desktop\gitrepo\AronEngine\Engine\Core\Renderer.h(1,1): warning C4819: 현재 코드 페이지(949)에서 표시할 수 없는 문자가 파일에 들어 있습니다. 데이터가 손실되지 않게 하려면 해당 파일을 유니코드 형식으로 저장하십시오.
  (소스 파일 'Core/EngineApp.cpp'을(를) 컴파일하는 중)
  
C:\Users\User\Desktop\gitrepo\AronEngine\Engine\Editor\LightUnityEditor.h(1,1): warning C4819: 현재 코드 페이지(949)에서 표시할 수 없는 문자가 파일에 들어 있습니다. 데이터가 손실되지 않게 하려면 해당 파일을 유니코드 형식으로 저장하십시오.
  (소스 파일 'Core/EngineApp.cpp'을(를) 컴파일하는 중)
  
  Camera3D.cpp
  MeshRenderer.cpp
  RenderSystem.cpp
C:\Users\User\Desktop\gitrepo\AronEngine\Engine\Core\Renderer.h(1,1): warning C4819: 현재 코드 페이지(949)에서 표시할 수 없는 문자가 파일에 들어 있습니다. 데이터가 손실되지 않게 하려면 해당 파일을 유니코드 형식으로 저장하십시오.
  (소스 파일 'Systems/RenderSystem.cpp'을(를) 컴파일하는 중)
  
C:\Users\User\Desktop\gitrepo\AronEngine\Engine\Components\SpriteRenderer.h(1,1): warning C4819: 현재 코드 페이지(949)에서 표시할 수 없는 문자가 파일에 들어 있습니다. 데이터가 손실되지 않게 하려면 해당 파일을 유니코드 형식으로 저장하십시오.
  (소스 파일 'Systems/RenderSystem.cpp'을(를) 컴파일하는 중)
  
  LightUnityEditor.cpp
C:\Users\User\Desktop\gitrepo\AronEngine\Engine\Editor\LightUnityEditor.h(1,1): warning C4819: 현재 코드 페이지(949)에서 표시할 수 없는 문자가 파일에 들어 있습니다. 데이터가 손실되지 않게 하려면 해당 파일을 유니코드 형식으로 저장하십시오.
  (소스 파일 'Editor/LightUnityEditor.cpp'을(를) 컴파일하는 중)
  
C:\Users\User\Desktop\gitrepo\AronEngine\Engine\Core\Renderer.h(1,1): warning C4819: 현재 코드 페이지(949)에서 표시할 수 없는 문자가 파일에 들어 있습니다. 데이터가 손실되지 않게 하려면 해당 파일을 유니코드 형식으로 저장하십시오.
  (소스 파일 'Editor/LightUnityEditor.cpp'을(를) 컴파일하는 중)
  
C:\Users\User\Desktop\gitrepo\AronEngine\Engine\Components\SpriteRenderer.h(1,1): warning C4819: 현재 코드 페이지(949)에서 표시할 수 없는 문자가 파일에 들어 있습니다. 데이터가 손실되지 않게 하려면 해당 파일을 유니코드 형식으로 저장하십시오.
  (소스 파일 'Editor/LightUnityEditor.cpp'을(를) 컴파일하는 중)
  
C:\Users\User\Desktop\gitrepo\AronEngine\Engine\Editor\LightUnityEditor.cpp(727,1): warning C4819: 현재 코드 페이지(949)에서 표시할 수 없는 문자가 파일에 들어 있습니다. 데이터가 손실되지 않게 하려면 해당 파일을 유니코드 형식으로 저장하십시오.
C:\Users\User\Desktop\gitrepo\AronEngine\Engine\Editor\LightUnityEditor.cpp(876,23): warning C4066: 와이드 문자 상수에서 첫 문자 뒤의 문자는 무시됩니다.
C:\Users\User\Desktop\gitrepo\AronEngine\Engine\Editor\LightUnityEditor.cpp(876,39): warning C4066: 와이드 문자 상수에서 첫 문자 뒤의 문자는 무시됩니다.
C:\Users\User\Desktop\gitrepo\AronEngine\Engine\Editor\LightUnityEditor.cpp(884,28): warning C4066: 와이드 문자 상수에서 첫 문자 뒤의 문자는 무시됩니다.
C:\Program Files\Microsoft Visual Studio\2022\Community\VC\Tools\MSVC\14.44.35207\include\xutility(4813,18): warning C4244: '=': 'const wchar_t'에서 'char'(으)로 변환하면서 데이터가 손실될 수 있습니다.
  (소스 파일 'Editor/LightUnityEditor.cpp'을(를) 컴파일하는 중)
      C:\Program Files\Microsoft Visual Studio\2022\Community\VC\Tools\MSVC\14.44.35207\include\xutility(4813,18):
      템플릿 인스턴스화 컨텍스트(가장 오래된 인스턴스화 컨텍스트)가
          C:\Users\User\Desktop\gitrepo\AronEngine\Engine\Editor\LightUnityEditor.cpp(1039,25):
          컴파일되는 함수 템플릿 인스턴스화 'std::basic_string<char,std::char_traits<char>,std::allocator<char>>::basic_string<std::_String_const_iterator<std::_String_val<std::_Simple_types<_Elem>>>,0>(_Iter,_Iter,const _Alloc &)'에 대한 참조를 확인하세요.
          with
          [
              _Elem=wchar_t,
              _Iter=std::_String_const_iterator<std::_String_val<std::_Simple_types<wchar_t>>>,
              _Alloc=std::allocator<char>
          ]
              C:\Users\User\Desktop\gitrepo\AronEngine\Engine\Editor\LightUnityEditor.cpp(1039,25):
              'AronEngine::LightUnityEditor::HandleDragDrop'에서 'std::basic_string<char,std::char_traits<char>,std::allocator<char>>::basic_string'에 대한 첫 번째 참조를 확인하세요.
          C:\Program Files\Microsoft Visual Studio\2022\Community\VC\Tools\MSVC\14.44.35207\include\xstring(812,17):
          컴파일되는 함수 템플릿 인스턴스화 'void std::basic_string<char,std::char_traits<char>,std::allocator<char>>::_Construct_from_iter<const wchar_t*,const wchar_t*,_Size_type>(_Iter,const _Sent,_Size)'에 대한 참조를 확인하세요.
          with
          [
              _Size_type=unsigned __int64,
              _Iter=const wchar_t *,
              _Sent=const wchar_t *,
              _Size=unsigned __int64
          ]
          C:\Program Files\Microsoft Visual Studio\2022\Community\VC\Tools\MSVC\14.44.35207\include\xstring(968,18):
          컴파일되는 함수 템플릿 인스턴스화 '_OutIt *std::_Copy_n_unchecked4<const wchar_t*,_Size,char*>(_InIt,_SizeTy,_OutIt)'에 대한 참조를 확인하세요.
          with
          [
              _OutIt=char *,
              _Size=unsigned __int64,
              _InIt=const wchar_t *,
              _SizeTy=unsigned __int64
          ]
  
  AnimationClip.cpp
C:\Users\User\Desktop\gitrepo\AronEngine\Engine\Components\SpriteRenderer.h(1,1): warning C4819: 현재 코드 페이지(949)에서 표시할 수 없는 문자가 파일에 들어 있습니다. 데이터가 손실되지 않게 하려면 해당 파일을 유니코드 형식으로 저장하십시오.
  (소스 파일 'Resources/AnimationClip.cpp'을(를) 컴파일하는 중)
  
  GameEngine_Fixed.cpp
C:\Users\User\Desktop\gitrepo\AronEngine\Engine\Core\Renderer.h(1,1): warning C4819: 현재 코드 페이지(949)에서 표시할 수 없는 문자가 파일에 들어 있습니다. 데이터가 손실되지 않게 하려면 해당 파일을 유니코드 형식으로 저장하십시오.
  (소스 파일 'Core/GameEngine_Fixed.cpp'을(를) 컴파일하는 중)
  
  코드를 생성하고 있습니다...
  Engine.vcxproj -> C:\Users\User\Desktop\gitrepo\AronEngine\x64\Debug\Engine.lib
